
> cyberops-platform@0.1.0 build
> next build

▲ Next.js 16.3.6 (Turbopack)
✓ Running next.config.ts took 34ms

  Creating an optimized production build ...
